Here's your investment plan:
1. **Recommended Monthly SIP**: â¹5,000
2. **Equity Allocation**: 75%
3. **Debt / Fixed Income**: 25%
4. **Suggested Instruments**: Index funds (Nifty 50), Balanced / Hybrid funds, ELSS
5. Regular SIP investing is the most reliable way to build long-term wealth.

ð¯ **Priority actions:**
â¢ Build Emergency Fund: 3â6 months of expenses

ð Suggested allocation: 75% equity / 25% debt
